Microchip MPLAB XC8 Compiler V2.05 ()

Linker command line:

-W-3 --edf=/opt/microchip/xc8/v2.05/pic/dat/en_msgs.txt -cs \
  -h+dist/default/production/Teclado.X.production.sym \
  --cmf=dist/default/production/Teclado.X.production.cmf -z -Q18F45K50 \
  -o/tmp/xcXVjFXXd --defsym=__MPLAB_BUILD=1 \
  -Mdist/default/production/Teclado.X.production.map -E1 -ver=XC8 \
  --acfsm=1493 -ASTACK=060h-07FFh -pstack=STACK -ACODE=00h-07FFFh \
  -ACONST=00h-07FFFh -ASMALLCONST=0800h-08FFhx120 \
  -AMEDIUMCONST=0800h-07FFFh -ACOMRAM=01h-05Fh -AABS1=00h-07FFh \
  -ABIGRAM=01h-07FFh -ARAM=060h-0FFh,0100h-01FFhx7 -ABANK0=060h-0FFh \
  -ABANK1=0100h-01FFh -ABANK2=0200h-02FFh -ABANK3=0300h-03FFh \
  -ABANK4=0400h-04FFh -ABANK5=0500h-05FFh -ABANK6=0600h-06FFh \
  -ABANK7=0700h-07FFh -ASFR=0F53h-0F5Fh,0F60h-0FFFh \
  -preset_vec=00h,intcode,intcodelo,powerup,init -pramtop=0800h \
  -psmallconst=SMALLCONST -pmediumconst=MEDIUMCONST -pconst=CONST \
  -AFARRAM=00h-00h -ACONFIG=0300000h-030000Dh -pconfig=CONFIG \
  -AIDLOC=0200000h-0200007h -pidloc=IDLOC -AEEDATA=0F00000h-0F000FFh \
  -peeprom_data=EEDATA \
  -prdata=COMRAM,nvrram=COMRAM,nvbit=COMRAM,rbss=COMRAM,rbit=COMRAM \
  -pfarbss=FARRAM,fardata=FARRAM,nvFARRAM=FARRAM \
  -pintsave_regs=BIGRAM,bigbss=BIGRAM,bigdata=BIGRAM -pbss=RAM \
  -pidata=CODE,irdata=CODE,ibigdata=CODE,ifardata=CODE -prparam=COMRAM \
  /tmp/xcXzzZAK9.o dist/default/production/Teclado.X.production.o 

Object code version is 3.11

Machine type is 18F45K50

Call graph: (short form)




                Name                               Link     Load   Length Selector   Space Scale
/tmp/xcXzzZAK9.o
                init                                  0        0        4        0       0
                idloc                            200000   200000        8   200000       0
                config                           300000   300000        E   300000       0
dist/default/production/Teclado.X.production.o
                smallconst                          800      800       5A      400       0
                text24                              B14      B14       12      42D       0
                text23                              970      970       30      42D       0
                text22                              936      936       3A      42D       0
                text21                              B46      B46        8      42D       0
                text20                              9CA      9CA       2A      42D       0
                text19                              9A0      9A0       2A      42D       0
                text18                              B02      B02       12      42D       0
                text17                              AF0      AF0       12      42D       0
                text16                              ADE      ADE       12      42D       0
                text15                              ACC      ACC       12      42D       0
                text14                              ABA      ABA       12      42D       0
                text13                              AA8      AA8       12      42D       0
                text12                              A96      A96       12      42D       0
                text11                              A84      A84       12      42D       0
                text10                              A72      A72       12      42D       0
                text9                               A60      A60       12      42D       0
                text8                               A4E      A4E       12      42D       0
                text7                               A3C      A3C       12      42D       0
                text6                               A2A      A2A       12      42D       0
                text5                               A18      A18       12      42D       0
                text4                               A06      A06       12      42D       0
                text3                               9F4      9F4       12      42D       0
                text2                               85A      85A       DC      42D       0
                text1                               B3C      B3C        A      42D       0
                text0                               B32      B32        A      42D       0
                cstackCOMRAM                          1        1        4        1       1
                bssCOMRAM                             5        5        1        1       1
                cinit                               B26      B26        C      42D       0

TOTAL           Name                               Link     Load   Length     Space
        CLASS   STACK          

        CLASS   CODE           
                init                                  0        0        4         0
                text24                              B14      B14       12         0
                text23                              970      970       30         0
                text22                              936      936       3A         0
                text21                              B46      B46        8         0
                text20                              9CA      9CA       2A         0
                text19                              9A0      9A0       2A         0
                text18                              B02      B02       12         0
                text17                              AF0      AF0       12         0
                text16                              ADE      ADE       12         0
                text15                              ACC      ACC       12         0
                text14                              ABA      ABA       12         0
                text13                              AA8      AA8       12         0
                text12                              A96      A96       12         0
                text11                              A84      A84       12         0
                text10                              A72      A72       12         0
                text9                               A60      A60       12         0
                text8                               A4E      A4E       12         0
                text7                               A3C      A3C       12         0
                text6                               A2A      A2A       12         0
                text5                               A18      A18       12         0
                text4                               A06      A06       12         0
                text3                               9F4      9F4       12         0
                text2                               85A      85A       DC         0
                text1                               B3C      B3C        A         0
                text0                               B32      B32        A         0
                cinit                               B26      B26        C         0

        CLASS   CONST          

        CLASS   SMALLCONST     
                smallconst                          800      800       5A         0

        CLASS   MEDIUMCONST    

        CLASS   COMRAM         
                cstackCOMRAM                          1        1        4         1
                bssCOMRAM                             5        5        1         1

        CLASS   ABS1           

        CLASS   BIGRAM         

        CLASS   RAM            

        CLASS   BANK0          

        CLASS   BANK1          

        CLASS   BANK2          

        CLASS   BANK3          

        CLASS   BANK4          

        CLASS   BANK5          

        CLASS   BANK6          

        CLASS   BANK7          

        CLASS   SFR            

        CLASS   FARRAM         

        CLASS   CONFIG         
                config                           300000   300000        E         0

        CLASS   IDLOC          
                idloc                            200000   200000        8         0

        CLASS   EEDATA         



SEGMENTS        Name                           Load    Length   Top    Selector   Space  Class

                reset_vec                      000000  000004  000004         0       0  CODE    
                cstackCOMRAM                   000001  000005  000006         1       1  COMRAM  
                smallconst                     000800  00005A  00085A       400       0  SMALLCON
                text2                          00085A  0002F4  000B4E       42D       0  CODE    
                idloc                          200000  000008  200008    200000       0  IDLOC   
                config                         300000  00000E  30000E    300000       0  CONFIG  


UNUSED ADDRESS RANGES

        Name                Unused          Largest block    Delta
        BANK0            000060-0000FF               A0
        BANK1            000100-0001FF              100
        BANK2            000200-0002FF              100
        BANK3            000300-0003FF              100
        BANK4            000400-0004FF              100
        BANK5            000500-0005FF              100
        BANK6            000600-0006FF              100
        BANK7            000700-0007FF              100
        BIGRAM           000006-0007FF              7FA
        CODE             000004-0007FF              7FC
                         000B4E-007FFF             74B2
        COMRAM           000006-00005F               5A
        CONST            000004-0007FF              7FC
                         000B4E-007FFF             74B2
        EEDATA           F00000-F000FF              100
        MEDIUMCONST      000B4E-007FFF             74B2
        RAM              000060-0007FF              100
        SFR              000F53-000FFF                D
        SMALLCONST       000B4E-007FFF              100
        STACK            000060-0007FF              7A0

                                  Symbol Table

_ANSELB                     (abs)        000F5C
_INTCON2bits                (abs)        000FF1
_Inkey                      text2        00085A
_LATA                       (abs)        000F89
_LATEbits                   (abs)        000F8D
_PORTB                      (abs)        000F81
_PORTBbits                  (abs)        000F81
_TRISA                      (abs)        000F92
_TRISB                      (abs)        000F93
_TRISEbits                  (abs)        000F96
__CFG_BOREN$SBORDIS         (abs)        000000
__CFG_BORV$190              (abs)        000000
__CFG_CCP2MX$RC1            (abs)        000000
__CFG_CFGPLLEN$OFF          (abs)        000000
__CFG_CP0$OFF               (abs)        000000
__CFG_CP1$OFF               (abs)        000000
__CFG_CP2$OFF               (abs)        000000
__CFG_CP3$OFF               (abs)        000000
__CFG_CPB$OFF               (abs)        000000
__CFG_CPD$OFF               (abs)        000000
__CFG_CPUDIV$NOCLKDIV       (abs)        000000
__CFG_EBTR0$OFF             (abs)        000000
__CFG_EBTR1$OFF             (abs)        000000
__CFG_EBTR2$OFF             (abs)        000000
__CFG_EBTR3$OFF             (abs)        000000
__CFG_EBTRB$OFF             (abs)        000000
__CFG_FCMEN$OFF             (abs)        000000
__CFG_FOSC$INTOSCIO         (abs)        000000
__CFG_ICPRT$OFF             (abs)        000000
__CFG_IESO$OFF              (abs)        000000
__CFG_LS48MHZ$SYS24X4       (abs)        000000
__CFG_LVP$OFF               (abs)        000000
__CFG_MCLRE$ON              (abs)        000000
__CFG_PBADEN$ON             (abs)        000000
__CFG_PCLKEN$OFF            (abs)        000000
__CFG_PLLSEL$PLL4X          (abs)        000000
__CFG_SDOMX$RB3             (abs)        000000
__CFG_STVREN$ON             (abs)        000000
__CFG_T3CMX$RC0             (abs)        000000
__CFG_WDTEN$OFF             (abs)        000000
__CFG_WDTPS$32768           (abs)        000000
__CFG_WRT0$OFF              (abs)        000000
__CFG_WRT1$OFF              (abs)        000000
__CFG_WRT2$OFF              (abs)        000000
__CFG_WRT3$OFF              (abs)        000000
__CFG_WRTB$OFF              (abs)        000000
__CFG_WRTC$OFF              (abs)        000000
__CFG_WRTD$OFF              (abs)        000000
__CFG_XINST$OFF             (abs)        000000
__CFG_nLPBOR$OFF            (abs)        000000
__CFG_nPWRTEN$ON            (abs)        000000
__HRAM                      (abs)        000000
__Habs1                     abs1         000000
__Hbank0                    bank0        000000
__Hbank1                    bank1        000000
__Hbank2                    bank2        000000
__Hbank3                    bank3        000000
__Hbank4                    bank4        000000
__Hbank5                    bank5        000000
__Hbank6                    bank6        000000
__Hbank7                    bank7        000000
__Hbigbss                   bigbss       000000
__Hbigdata                  bigdata      000000
__Hbigram                   bigram       000000
__Hbss                      bss          000000
__HbssCOMRAM                bssCOMRAM    000000
__Hcinit                    cinit        000000
__Hclrtext                  clrtext      000000
__Hcomram                   comram       000000
__Hconfig                   config       30000E
__Hconst                    const        000000
__HcstackCOMRAM             cstackCOMRAM 000000
__Hdata                     data         000000
__Heeprom_data              eeprom_data  000000
__Hfarbss                   farbss       000000
__Hfardata                  fardata      000000
__Hibigdata                 ibigdata     000000
__Hidata                    idata        000000
__Hidloc                    idloc        200008
__Hifardata                 ifardata     000000
__Hinit                     init         000004
__Hintcode                  intcode      000000
__Hintcode_body             intcode_body 000000
__Hintcodelo                intcodelo    000000
__Hintentry                 intentry     000000
__Hintret                   intret       000000
__Hintsave_regs             intsave_regs 000000
__Hirdata                   irdata       000000
__Hmediumconst              mediumconst  000000
__HnvFARRAM                 nvFARRAM     000000
__Hnvbit                    nvbit        000000
__Hnvrram                   nvrram       000000
__Hparam                    rparam       000000
__Hpowerup                  powerup      000000
__Hram                      ram          000000
__Hramtop                   ramtop       000800
__Hrbit                     rbit         000000
__Hrbss                     rbss         000000
__Hrdata                    rdata        000000
__Hreset_vec                reset_vec    000000
__Hrparam                   rparam       000000
__Hsfr                      sfr          000000
__Hsmallconst               smallconst   00085A
__Hspace_0                  (abs)        30000E
__Hspace_1                  (abs)        000006
__Hspace_2                  (abs)        000000
__Hstack                    stack        000000
__Hstruct                   struct       000000
__Htemp                     temp         000000
__Htext                     text         000000
__Htext0                    text0        000000
__Htext1                    text1        000000
__Htext10                   text10       000000
__Htext11                   text11       000000
__Htext12                   text12       000000
__Htext13                   text13       000000
__Htext14                   text14       000000
__Htext15                   text15       000000
__Htext16                   text16       000000
__Htext17                   text17       000000
__Htext18                   text18       000000
__Htext19                   text19       000000
__Htext2                    text2        000000
__Htext20                   text20       000000
__Htext21                   text21       000000
__Htext22                   text22       000000
__Htext23                   text23       000000
__Htext24                   text24       000000
__Htext3                    text3        000000
__Htext4                    text4        000000
__Htext5                    text5        000000
__Htext6                    text6        000000
__Htext7                    text7        000000
__Htext8                    text8        000000
__Htext9                    text9        000000
__LRAM                      (abs)        000001
__Labs1                     abs1         000000
__Lbank0                    bank0        000000
__Lbank1                    bank1        000000
__Lbank2                    bank2        000000
__Lbank3                    bank3        000000
__Lbank4                    bank4        000000
__Lbank5                    bank5        000000
__Lbank6                    bank6        000000
__Lbank7                    bank7        000000
__Lbigbss                   bigbss       000000
__Lbigdata                  bigdata      000000
__Lbigram                   bigram       000000
__Lbss                      bss          000000
__LbssCOMRAM                bssCOMRAM    000000
__Lcinit                    cinit        000000
__Lclrtext                  clrtext      000000
__Lcomram                   comram       000000
__Lconfig                   config       300000
__Lconst                    const        000000
__LcstackCOMRAM             cstackCOMRAM 000000
__Ldata                     data         000000
__Leeprom_data              eeprom_data  000000
__Lfarbss                   farbss       000000
__Lfardata                  fardata      000000
__Libigdata                 ibigdata     000000
__Lidata                    idata        000000
__Lidloc                    idloc        200000
__Lifardata                 ifardata     000000
__Linit                     init         000000
__Lintcode                  intcode      000000
__Lintcode_body             intcode_body 000000
__Lintcodelo                intcodelo    000000
__Lintentry                 intentry     000000
__Lintret                   intret       000000
__Lintsave_regs             intsave_regs 000000
__Lirdata                   irdata       000000
__Lmediumconst              mediumconst  000000
__LnvFARRAM                 nvFARRAM     000000
__Lnvbit                    nvbit        000000
__Lnvrram                   nvrram       000000
__Lparam                    rparam       000000
__Lpowerup                  powerup      000000
__Lram                      ram          000000
__Lramtop                   ramtop       000800
__Lrbit                     rbit         000000
__Lrbss                     rbss         000000
__Lrdata                    rdata        000000
__Lreset_vec                reset_vec    000000
__Lrparam                   rparam       000000
__Lsfr                      sfr          000000
__Lsmallconst               smallconst   000800
__Lspace_0                  (abs)        000000
__Lspace_1                  (abs)        000000
__Lspace_2                  (abs)        000000
__Lstack                    stack        000000
__Lstruct                   struct       000000
__Ltemp                     temp         000000
__Ltext                     text         000000
__Ltext0                    text0        000000
__Ltext1                    text1        000000
__Ltext10                   text10       000000
__Ltext11                   text11       000000
__Ltext12                   text12       000000
__Ltext13                   text13       000000
__Ltext14                   text14       000000
__Ltext15                   text15       000000
__Ltext16                   text16       000000
__Ltext17                   text17       000000
__Ltext18                   text18       000000
__Ltext19                   text19       000000
__Ltext2                    text2        000000
__Ltext20                   text20       000000
__Ltext21                   text21       000000
__Ltext22                   text22       000000
__Ltext23                   text23       000000
__Ltext24                   text24       000000
__Ltext3                    text3        000000
__Ltext4                    text4        000000
__Ltext5                    text5        000000
__Ltext6                    text6        000000
__Ltext7                    text7        000000
__Ltext8                    text8        000000
__Ltext9                    text9        000000
__S0                        (abs)        30000E
__S1                        (abs)        000006
__S2                        (abs)        000000
___inthi_sp                 stack        000000
___intlo_sp                 stack        000000
___param_bank               (abs)        000000
___rparam_used              (abs)        000001
___sp                       stack        000000
__accesstop                 (abs)        000060
__activetblptr              (abs)        000002
__end_of_Inkey              text2        000936
__end_of__initialization    cinit        000B28
__end_of_inicio_teclado     text1        000B46
__end_of_lcd_clear_display  text21       000B4E
__end_of_lcd_control        text23       0009A0
__end_of_lcd_dato           text20       0009F4
__end_of_lcd_init           text22       000970
__end_of_lcd_print          text19       0009CA
__end_of_lcd_time_control   text24       000B26
__end_of_main               text0        000B3C
__end_of_tecla_0            text18       000B14
__end_of_tecla_1            text17       000B02
__end_of_tecla_2            text16       000AF0
__end_of_tecla_3            text15       000ADE
__end_of_tecla_4            text14       000ACC
__end_of_tecla_5            text13       000ABA
__end_of_tecla_6            text12       000AA8
__end_of_tecla_7            text11       000A96
__end_of_tecla_8            text10       000A84
__end_of_tecla_9            text9        000A72
__end_of_tecla_A            text8        000A60
__end_of_tecla_B            text7        000A4E
__end_of_tecla_C            text6        000A3C
__end_of_tecla_D            text5        000A2A
__end_of_tecla_aste         text4        000A18
__end_of_tecla_gato         text3        000A06
__initialization            cinit        000B26
__mediumconst               mediumconst  000000
__pbssCOMRAM                bssCOMRAM    000005
__pcinit                    cinit        000B26
__pcstackCOMRAM             cstackCOMRAM 000001
__psmallconst               smallconst   000800
__ptext0                    text0        000B32
__ptext1                    text1        000B3C
__ptext10                   text10       000A72
__ptext11                   text11       000A84
__ptext12                   text12       000A96
__ptext13                   text13       000AA8
__ptext14                   text14       000ABA
__ptext15                   text15       000ACC
__ptext16                   text16       000ADE
__ptext17                   text17       000AF0
__ptext18                   text18       000B02
__ptext19                   text19       0009A0
__ptext2                    text2        00085A
__ptext20                   text20       0009CA
__ptext21                   text21       000B46
__ptext22                   text22       000936
__ptext23                   text23       000970
__ptext24                   text24       000B14
__ptext3                    text3        0009F4
__ptext4                    text4        000A06
__ptext5                    text5        000A18
__ptext6                    text6        000A2A
__ptext7                    text7        000A3C
__ptext8                    text8        000A4E
__ptext9                    text9        000A60
__ramtop                    ramtop       000800
__size_of_Inkey             (abs)        000000
__size_of_inicio_teclado    (abs)        000000
__size_of_lcd_clear_display (abs)        000000
__size_of_lcd_control       (abs)        000000
__size_of_lcd_dato          (abs)        000000
__size_of_lcd_init          (abs)        000000
__size_of_lcd_print         (abs)        000000
__size_of_lcd_time_control  (abs)        000000
__size_of_main              (abs)        000000
__size_of_tecla_0           (abs)        000000
__size_of_tecla_1           (abs)        000000
__size_of_tecla_2           (abs)        000000
__size_of_tecla_3           (abs)        000000
__size_of_tecla_4           (abs)        000000
__size_of_tecla_5           (abs)        000000
__size_of_tecla_6           (abs)        000000
__size_of_tecla_7           (abs)        000000
__size_of_tecla_8           (abs)        000000
__size_of_tecla_9           (abs)        000000
__size_of_tecla_A           (abs)        000000
__size_of_tecla_B           (abs)        000000
__size_of_tecla_C           (abs)        000000
__size_of_tecla_D           (abs)        000000
__size_of_tecla_aste        (abs)        000000
__size_of_tecla_gato        (abs)        000000
__smallconst                smallconst   000800
_inicio_teclado             text1        000B3C
_lcd_clear_display          text21       000B46
_lcd_control                text23       000970
_lcd_dato                   text20       0009CA
_lcd_init                   text22       000936
_lcd_print                  text19       0009A0
_lcd_time_control           text24       000B14
_main                       text0        000B32
_tecla_0                    text18       000B02
_tecla_1                    text17       000AF0
_tecla_2                    text16       000ADE
_tecla_3                    text15       000ACC
_tecla_4                    text14       000ABA
_tecla_5                    text13       000AA8
_tecla_6                    text12       000A96
_tecla_7                    text11       000A84
_tecla_8                    text10       000A72
_tecla_9                    text9        000A60
_tecla_A                    text8        000A4E
_tecla_B                    text7        000A3C
_tecla_C                    text6        000A2A
_tecla_D                    text5        000A18
_tecla_aste                 text4        000A06
_tecla_gato                 text3        0009F4
_val                        bssCOMRAM    000005
end_of_initialization       cinit        000B28
intlevel0                   text         000000
intlevel1                   text         000000
intlevel2                   text         000000
intlevel3                   text         000000
lcd_control@dato            cstackCOMRAM 000002
lcd_dato@dato               cstackCOMRAM 000002
lcd_print@dato              cstackCOMRAM 000003
stackhi                     (abs)        0007FF
stacklo                     (abs)        000060
start                       init         000000
start_initialization        cinit        000B26


FUNCTION INFORMATION:

 *************** function _main *****************
 Defined at:
		line 16 in file "Main.c"
 Parameters:    Size  Location     Type
		None
 Auto vars:     Size  Location     Type
		None
 Return value:  Size  Location     Type
                  1    wreg      void 
 Registers used:
		wreg, status,2, status,0, tblptrl, tblptrh, tblptru, cstack
 Tracked objects:
		On entry : 
		On exit  : 
		Unchanged: 
 Data sizes:     COMRAM   BANK0   BANK1   BANK2   BANK3   BANK4   BANK5   BANK6   BANK7
      Params:         0       0       0       0       0       0       0       0       0
      Locals:         0       0       0       0       0       0       0       0       0
      Temps:          0       0       0       0       0       0       0       0       0
      Totals:         0       0       0       0       0       0       0       0       0
Total ram usage:        0 bytes
 Hardware stack levels required when called:    5
 This function calls:
		_Inkey
		_inicio_teclado
 This function is called by:
		Startup code after reset
 This function uses a non-reentrant model


 *************** function _inicio_teclado *****************
 Defined at:
		line 61 in file "./Teclado.h"
 Parameters:    Size  Location     Type
		None
 Auto vars:     Size  Location     Type
		None
 Return value:  Size  Location     Type
                  1    wreg      void 
 Registers used:
		wreg, status,2
 Tracked objects:
		On entry : 
		On exit  : 
		Unchanged: 
 Data sizes:     COMRAM   BANK0   BANK1   BANK2   BANK3   BANK4   BANK5   BANK6   BANK7
      Params:         0       0       0       0       0       0       0       0       0
      Locals:         0       0       0       0       0       0       0       0       0
      Temps:          0       0       0       0       0       0       0       0       0
      Totals:         0       0       0       0       0       0       0       0       0
Total ram usage:        0 bytes
 Hardware stack levels used:    1
 This function calls:
		Nothing
 This function is called by:
		_main
 This function uses a non-reentrant model


 *************** function _Inkey *****************
 Defined at:
		line 24 in file "./Teclado.h"
 Parameters:    Size  Location     Type
		None
 Auto vars:     Size  Location     Type
		None
 Return value:  Size  Location     Type
                  1    wreg      unsigned char 
 Registers used:
		wreg, status,2, status,0, tblptrl, tblptrh, tblptru, cstack
 Tracked objects:
		On entry : 
		On exit  : 
		Unchanged: 
 Data sizes:     COMRAM   BANK0   BANK1   BANK2   BANK3   BANK4   BANK5   BANK6   BANK7
      Params:         0       0       0       0       0       0       0       0       0
      Locals:         0       0       0       0       0       0       0       0       0
      Temps:          0       0       0       0       0       0       0       0       0
      Totals:         0       0       0       0       0       0       0       0       0
Total ram usage:        0 bytes
 Hardware stack levels used:    1
 Hardware stack levels required when called:    4
 This function calls:
		_lcd_init
		_tecla_0
		_tecla_1
		_tecla_2
		_tecla_3
		_tecla_4
		_tecla_5
		_tecla_6
		_tecla_7
		_tecla_8
		_tecla_9
		_tecla_A
		_tecla_B
		_tecla_C
		_tecla_D
		_tecla_aste
		_tecla_gato
 This function is called by:
		_main
 This function uses a non-reentrant model


 *************** function _tecla_gato *****************
 Defined at:
		line 68 in file "./Teclas.h"
 Parameters:    Size  Location     Type
		None
 Auto vars:     Size  Location     Type
		None
 Return value:  Size  Location     Type
                  1    wreg      void 
 Registers used:
		wreg, status,2, status,0, tblptrl, tblptrh, tblptru, cstack
 Tracked objects:
		On entry : 
		On exit  : 
		Unchanged: 
 Data sizes:     COMRAM   BANK0   BANK1   BANK2   BANK3   BANK4   BANK5   BANK6   BANK7
      Params:         0       0       0       0       0       0       0       0       0
      Locals:         0       0       0       0       0       0       0       0       0
      Temps:          0       0       0       0       0       0       0       0       0
      Totals:         0       0       0       0       0       0       0       0       0
Total ram usage:        0 bytes
 Hardware stack levels used:    1
 Hardware stack levels required when called:    3
 This function calls:
		_lcd_clear_display
		_lcd_print
 This function is called by:
		_Inkey
 This function uses a non-reentrant model


 *************** function _tecla_aste *****************
 Defined at:
		line 58 in file "./Teclas.h"
 Parameters:    Size  Location     Type
		None
 Auto vars:     Size  Location     Type
		None
 Return value:  Size  Location     Type
                  1    wreg      void 
 Registers used:
		wreg, status,2, status,0, tblptrl, tblptrh, tblptru, cstack
 Tracked objects:
		On entry : 
		On exit  : 
		Unchanged: 
 Data sizes:     COMRAM   BANK0   BANK1   BANK2   BANK3   BANK4   BANK5   BANK6   BANK7
      Params:         0       0       0       0       0       0       0       0       0
      Locals:         0       0       0       0       0       0       0       0       0
      Temps:          0       0       0       0       0       0       0       0       0
      Totals:         0       0       0       0       0       0       0       0       0
Total ram usage:        0 bytes
 Hardware stack levels used:    1
 Hardware stack levels required when called:    3
 This function calls:
		_lcd_clear_display
		_lcd_print
 This function is called by:
		_Inkey
 This function uses a non-reentrant model


 *************** function _tecla_D *****************
 Defined at:
		line 73 in file "./Teclas.h"
 Parameters:    Size  Location     Type
		None
 Auto vars:     Size  Location     Type
		None
 Return value:  Size  Location     Type
                  1    wreg      void 
 Registers used:
		wreg, status,2, status,0, tblptrl, tblptrh, tblptru, cstack
 Tracked objects:
		On entry : 
		On exit  : 
		Unchanged: 
 Data sizes:     COMRAM   BANK0   BANK1   BANK2   BANK3   BANK4   BANK5   BANK6   BANK7
      Params:         0       0       0       0       0       0       0       0       0
      Locals:         0       0       0       0       0       0       0       0       0
      Temps:          0       0       0       0       0       0       0       0       0
      Totals:         0       0       0       0       0       0       0       0       0
Total ram usage:        0 bytes
 Hardware stack levels used:    1
 Hardware stack levels required when called:    3
 This function calls:
		_lcd_clear_display
		_lcd_print
 This function is called by:
		_Inkey
 This function uses a non-reentrant model


 *************** function _tecla_C *****************
 Defined at:
		line 53 in file "./Teclas.h"
 Parameters:    Size  Location     Type
		None
 Auto vars:     Size  Location     Type
		None
 Return value:  Size  Location     Type
                  1    wreg      void 
 Registers used:
		wreg, status,2, status,0, tblptrl, tblptrh, tblptru, cstack
 Tracked objects:
		On entry : 
		On exit  : 
		Unchanged: 
 Data sizes:     COMRAM   BANK0   BANK1   BANK2   BANK3   BANK4   BANK5   BANK6   BANK7
      Params:         0       0       0       0       0       0       0       0       0
      Locals:         0       0       0       0       0       0       0       0       0
      Temps:          0       0       0       0       0       0       0       0       0
      Totals:         0       0       0       0       0       0       0       0       0
Total ram usage:        0 bytes
 Hardware stack levels used:    1
 Hardware stack levels required when called:    3
 This function calls:
		_lcd_clear_display
		_lcd_print
 This function is called by:
		_Inkey
 This function uses a non-reentrant model


 *************** function _tecla_B *****************
 Defined at:
		line 33 in file "./Teclas.h"
 Parameters:    Size  Location     Type
		None
 Auto vars:     Size  Location     Type
		None
 Return value:  Size  Location     Type
                  1    wreg      void 
 Registers used:
		wreg, status,2, status,0, tblptrl, tblptrh, tblptru, cstack
 Tracked objects:
		On entry : 
		On exit  : 
		Unchanged: 
 Data sizes:     COMRAM   BANK0   BANK1   BANK2   BANK3   BANK4   BANK5   BANK6   BANK7
      Params:         0       0       0       0       0       0       0       0       0
      Locals:         0       0       0       0       0       0       0       0       0
      Temps:          0       0       0       0       0       0       0       0       0
      Totals:         0       0       0       0       0       0       0       0       0
Total ram usage:        0 bytes
 Hardware stack levels used:    1
 Hardware stack levels required when called:    3
 This function calls:
		_lcd_clear_display
		_lcd_print
 This function is called by:
		_Inkey
 This function uses a non-reentrant model


 *************** function _tecla_A *****************
 Defined at:
		line 15 in file "./Teclas.h"
 Parameters:    Size  Location     Type
		None
 Auto vars:     Size  Location     Type
		None
 Return value:  Size  Location     Type
                  1    wreg      void 
 Registers used:
		wreg, status,2, status,0, tblptrl, tblptrh, tblptru, cstack
 Tracked objects:
		On entry : 
		On exit  : 
		Unchanged: 
 Data sizes:     COMRAM   BANK0   BANK1   BANK2   BANK3   BANK4   BANK5   BANK6   BANK7
      Params:         0       0       0       0       0       0       0       0       0
      Locals:         0       0       0       0       0       0       0       0       0
      Temps:          0       0       0       0       0       0       0       0       0
      Totals:         0       0       0       0       0       0       0       0       0
Total ram usage:        0 bytes
 Hardware stack levels used:    1
 Hardware stack levels required when called:    3
 This function calls:
		_lcd_clear_display
		_lcd_print
 This function is called by:
		_Inkey
 This function uses a non-reentrant model


 *************** function _tecla_9 *****************
 Defined at:
		line 48 in file "./Teclas.h"
 Parameters:    Size  Location     Type
		None
 Auto vars:     Size  Location     Type
		None
 Return value:  Size  Location     Type
                  1    wreg      void 
 Registers used:
		wreg, status,2, status,0, tblptrl, tblptrh, tblptru, cstack
 Tracked objects:
		On entry : 
		On exit  : 
		Unchanged: 
 Data sizes:     COMRAM   BANK0   BANK1   BANK2   BANK3   BANK4   BANK5   BANK6   BANK7
      Params:         0       0       0       0       0       0       0       0       0
      Locals:         0       0       0       0       0       0       0       0       0
      Temps:          0       0       0       0       0       0       0       0       0
      Totals:         0       0       0       0       0       0       0       0       0
Total ram usage:        0 bytes
 Hardware stack levels used:    1
 Hardware stack levels required when called:    3
 This function calls:
		_lcd_clear_display
		_lcd_print
 This function is called by:
		_Inkey
 This function uses a non-reentrant model


 *************** function _tecla_8 *****************
 Defined at:
		line 43 in file "./Teclas.h"
 Parameters:    Size  Location     Type
		None
 Auto vars:     Size  Location     Type
		None
 Return value:  Size  Location     Type
                  1    wreg      void 
 Registers used:
		wreg, status,2, status,0, tblptrl, tblptrh, tblptru, cstack
 Tracked objects:
		On entry : 
		On exit  : 
		Unchanged: 
 Data sizes:     COMRAM   BANK0   BANK1   BANK2   BANK3   BANK4   BANK5   BANK6   BANK7
      Params:         0       0       0       0       0       0       0       0       0
      Locals:         0       0       0       0       0       0       0       0       0
      Temps:          0       0       0       0       0       0       0       0       0
      Totals:         0       0       0       0       0       0       0       0       0
Total ram usage:        0 bytes
 Hardware stack levels used:    1
 Hardware stack levels required when called:    3
 This function calls:
		_lcd_clear_display
		_lcd_print
 This function is called by:
		_Inkey
 This function uses a non-reentrant model


 *************** function _tecla_7 *****************
 Defined at:
		line 38 in file "./Teclas.h"
 Parameters:    Size  Location     Type
		None
 Auto vars:     Size  Location     Type
		None
 Return value:  Size  Location     Type
                  1    wreg      void 
 Registers used:
		wreg, status,2, status,0, tblptrl, tblptrh, tblptru, cstack
 Tracked objects:
		On entry : 
		On exit  : 
		Unchanged: 
 Data sizes:     COMRAM   BANK0   BANK1   BANK2   BANK3   BANK4   BANK5   BANK6   BANK7
      Params:         0       0       0       0       0       0       0       0       0
      Locals:         0       0       0       0       0       0       0       0       0
      Temps:          0       0       0       0       0       0       0       0       0
      Totals:         0       0       0       0       0       0       0       0       0
Total ram usage:        0 bytes
 Hardware stack levels used:    1
 Hardware stack levels required when called:    3
 This function calls:
		_lcd_clear_display
		_lcd_print
 This function is called by:
		_Inkey
 This function uses a non-reentrant model


 *************** function _tecla_6 *****************
 Defined at:
		line 28 in file "./Teclas.h"
 Parameters:    Size  Location     Type
		None
 Auto vars:     Size  Location     Type
		None
 Return value:  Size  Location     Type
                  1    wreg      void 
 Registers used:
		wreg, status,2, status,0, tblptrl, tblptrh, tblptru, cstack
 Tracked objects:
		On entry : 
		On exit  : 
		Unchanged: 
 Data sizes:     COMRAM   BANK0   BANK1   BANK2   BANK3   BANK4   BANK5   BANK6   BANK7
      Params:         0       0       0       0       0       0       0       0       0
      Locals:         0       0       0       0       0       0       0       0       0
      Temps:          0       0       0       0       0       0       0       0       0
      Totals:         0       0       0       0       0       0       0       0       0
Total ram usage:        0 bytes
 Hardware stack levels used:    1
 Hardware stack levels required when called:    3
 This function calls:
		_lcd_clear_display
		_lcd_print
 This function is called by:
		_Inkey
 This function uses a non-reentrant model


 *************** function _tecla_5 *****************
 Defined at:
		line 23 in file "./Teclas.h"
 Parameters:    Size  Location     Type
		None
 Auto vars:     Size  Location     Type
		None
 Return value:  Size  Location     Type
                  1    wreg      void 
 Registers used:
		wreg, status,2, status,0, tblptrl, tblptrh, tblptru, cstack
 Tracked objects:
		On entry : 
		On exit  : 
		Unchanged: 
 Data sizes:     COMRAM   BANK0   BANK1   BANK2   BANK3   BANK4   BANK5   BANK6   BANK7
      Params:         0       0       0       0       0       0       0       0       0
      Locals:         0       0       0       0       0       0       0       0       0
      Temps:          0       0       0       0       0       0       0       0       0
      Totals:         0       0       0       0       0       0       0       0       0
Total ram usage:        0 bytes
 Hardware stack levels used:    1
 Hardware stack levels required when called:    3
 This function calls:
		_lcd_clear_display
		_lcd_print
 This function is called by:
		_Inkey
 This function uses a non-reentrant model


 *************** function _tecla_4 *****************
 Defined at:
		line 19 in file "./Teclas.h"
 Parameters:    Size  Location     Type
		None
 Auto vars:     Size  Location     Type
		None
 Return value:  Size  Location     Type
                  1    wreg      void 
 Registers used:
		wreg, status,2, status,0, tblptrl, tblptrh, tblptru, cstack
 Tracked objects:
		On entry : 
		On exit  : 
		Unchanged: 
 Data sizes:     COMRAM   BANK0   BANK1   BANK2   BANK3   BANK4   BANK5   BANK6   BANK7
      Params:         0       0       0       0       0       0       0       0       0
      Locals:         0       0       0       0       0       0       0       0       0
      Temps:          0       0       0       0       0       0       0       0       0
      Totals:         0       0       0       0       0       0       0       0       0
Total ram usage:        0 bytes
 Hardware stack levels used:    1
 Hardware stack levels required when called:    3
 This function calls:
		_lcd_clear_display
		_lcd_print
 This function is called by:
		_Inkey
 This function uses a non-reentrant model


 *************** function _tecla_3 *****************
 Defined at:
		line 10 in file "./Teclas.h"
 Parameters:    Size  Location     Type
		None
 Auto vars:     Size  Location     Type
		None
 Return value:  Size  Location     Type
                  1    wreg      void 
 Registers used:
		wreg, status,2, status,0, tblptrl, tblptrh, tblptru, cstack
 Tracked objects:
		On entry : 
		On exit  : 
		Unchanged: 
 Data sizes:     COMRAM   BANK0   BANK1   BANK2   BANK3   BANK4   BANK5   BANK6   BANK7
      Params:         0       0       0       0       0       0       0       0       0
      Locals:         0       0       0       0       0       0       0       0       0
      Temps:          0       0       0       0       0       0       0       0       0
      Totals:         0       0       0       0       0       0       0       0       0
Total ram usage:        0 bytes
 Hardware stack levels used:    1
 Hardware stack levels required when called:    3
 This function calls:
		_lcd_clear_display
		_lcd_print
 This function is called by:
		_Inkey
 This function uses a non-reentrant model


 *************** function _tecla_2 *****************
 Defined at:
		line 6 in file "./Teclas.h"
 Parameters:    Size  Location     Type
		None
 Auto vars:     Size  Location     Type
		None
 Return value:  Size  Location     Type
                  1    wreg      void 
 Registers used:
		wreg, status,2, status,0, tblptrl, tblptrh, tblptru, cstack
 Tracked objects:
		On entry : 
		On exit  : 
		Unchanged: 
 Data sizes:     COMRAM   BANK0   BANK1   BANK2   BANK3   BANK4   BANK5   BANK6   BANK7
      Params:         0       0       0       0       0       0       0       0       0
      Locals:         0       0       0       0       0       0       0       0       0
      Temps:          0       0       0       0       0       0       0       0       0
      Totals:         0       0       0       0       0       0       0       0       0
Total ram usage:        0 bytes
 Hardware stack levels used:    1
 Hardware stack levels required when called:    3
 This function calls:
		_lcd_clear_display
		_lcd_print
 This function is called by:
		_Inkey
 This function uses a non-reentrant model


 *************** function _tecla_1 *****************
 Defined at:
		line 1 in file "./Teclas.h"
 Parameters:    Size  Location     Type
		None
 Auto vars:     Size  Location     Type
		None
 Return value:  Size  Location     Type
                  1    wreg      void 
 Registers used:
		wreg, status,2, status,0, tblptrl, tblptrh, tblptru, cstack
 Tracked objects:
		On entry : 
		On exit  : 
		Unchanged: 
 Data sizes:     COMRAM   BANK0   BANK1   BANK2   BANK3   BANK4   BANK5   BANK6   BANK7
      Params:         0       0       0       0       0       0       0       0       0
      Locals:         0       0       0       0       0       0       0       0       0
      Temps:          0       0       0       0       0       0       0       0       0
      Totals:         0       0       0       0       0       0       0       0       0
Total ram usage:        0 bytes
 Hardware stack levels used:    1
 Hardware stack levels required when called:    3
 This function calls:
		_lcd_clear_display
		_lcd_print
 This function is called by:
		_Inkey
 This function uses a non-reentrant model


 *************** function _tecla_0 *****************
 Defined at:
		line 63 in file "./Teclas.h"
 Parameters:    Size  Location     Type
		None
 Auto vars:     Size  Location     Type
		None
 Return value:  Size  Location     Type
                  1    wreg      void 
 Registers used:
		wreg, status,2, status,0, tblptrl, tblptrh, tblptru, cstack
 Tracked objects:
		On entry : 
		On exit  : 
		Unchanged: 
 Data sizes:     COMRAM   BANK0   BANK1   BANK2   BANK3   BANK4   BANK5   BANK6   BANK7
      Params:         0       0       0       0       0       0       0       0       0
      Locals:         0       0       0       0       0       0       0       0       0
      Temps:          0       0       0       0       0       0       0       0       0
      Totals:         0       0       0       0       0       0       0       0       0
Total ram usage:        0 bytes
 Hardware stack levels used:    1
 Hardware stack levels required when called:    3
 This function calls:
		_lcd_clear_display
		_lcd_print
 This function is called by:
		_Inkey
 This function uses a non-reentrant model


 *************** function _lcd_print *****************
 Defined at:
		line 90 in file "./LCD.h"
 Parameters:    Size  Location     Type
  dato            2    2[COMRAM] PTR unsigned char 
		 -> STR_20(2), STR_19(2), STR_18(2), STR_17(2), 
		 -> STR_16(2), STR_15(2), STR_14(2), STR_13(2), 
		 -> STR_12(2), STR_11(2), STR_10(2), STR_9(2), 
		 -> STR_8(2), STR_7(2), STR_6(2), STR_5(2), 
		 -> STR_4(15), STR_3(15), STR_2(13), STR_1(13), 
 Auto vars:     Size  Location     Type
		None
 Return value:  Size  Location     Type
                  1    wreg      void 
 Registers used:
		wreg, status,2, status,0, tblptrl, tblptrh, tblptru, cstack
 Tracked objects:
		On entry : 
		On exit  : 
		Unchanged: 
 Data sizes:     COMRAM   BANK0   BANK1   BANK2   BANK3   BANK4   BANK5   BANK6   BANK7
      Params:         2       0       0       0       0       0       0       0       0
      Locals:         0       0       0       0       0       0       0       0       0
      Temps:          0       0       0       0       0       0       0       0       0
      Totals:         2       0       0       0       0       0       0       0       0
Total ram usage:        2 bytes
 Hardware stack levels used:    1
 Hardware stack levels required when called:    2
 This function calls:
		_lcd_dato
 This function is called by:
		_tecla_1
		_tecla_2
		_tecla_3
		_tecla_A
		_tecla_4
		_tecla_5
		_tecla_6
		_tecla_B
		_tecla_7
		_tecla_8
		_tecla_9
		_tecla_C
		_tecla_aste
		_tecla_0
		_tecla_gato
		_tecla_D
		_lcd_print_with_position
		_registro_teclado
 This function uses a non-reentrant model


 *************** function _lcd_dato *****************
 Defined at:
		line 64 in file "./LCD.h"
 Parameters:    Size  Location     Type
  dato            1    wreg     unsigned char 
 Auto vars:     Size  Location     Type
  dato            1    1[COMRAM] unsigned char 
 Return value:  Size  Location     Type
                  1    wreg      void 
 Registers used:
		wreg, status,2, status,0, cstack
 Tracked objects:
		On entry : 
		On exit  : 
		Unchanged: 
 Data sizes:     COMRAM   BANK0   BANK1   BANK2   BANK3   BANK4   BANK5   BANK6   BANK7
      Params:         0       0       0       0       0       0       0       0       0
      Locals:         1       0       0       0       0       0       0       0       0
      Temps:          1       0       0       0       0       0       0       0       0
      Totals:         2       0       0       0       0       0       0       0       0
Total ram usage:        2 bytes
 Hardware stack levels used:    1
 Hardware stack levels required when called:    1
 This function calls:
		_lcd_time_control
 This function is called by:
		_lcd_print
		_lcd_put_caracter
		_lcd_Cadena
 This function uses a non-reentrant model


 *************** function _lcd_clear_display *****************
 Defined at:
		line 76 in file "./LCD.h"
 Parameters:    Size  Location     Type
		None
 Auto vars:     Size  Location     Type
		None
 Return value:  Size  Location     Type
                  1    wreg      void 
 Registers used:
		wreg, status,2, status,0, cstack
 Tracked objects:
		On entry : 
		On exit  : 
		Unchanged: 
 Data sizes:     COMRAM   BANK0   BANK1   BANK2   BANK3   BANK4   BANK5   BANK6   BANK7
      Params:         0       0       0       0       0       0       0       0       0
      Locals:         0       0       0       0       0       0       0       0       0
      Temps:          0       0       0       0       0       0       0       0       0
      Totals:         0       0       0       0       0       0       0       0       0
Total ram usage:        0 bytes
 Hardware stack levels used:    1
 Hardware stack levels required when called:    2
 This function calls:
		_lcd_control
 This function is called by:
		_tecla_1
		_tecla_2
		_tecla_3
		_tecla_A
		_tecla_4
		_tecla_5
		_tecla_6
		_tecla_B
		_tecla_7
		_tecla_8
		_tecla_9
		_tecla_C
		_tecla_aste
		_tecla_0
		_tecla_gato
		_tecla_D
		_registro_teclado
 This function uses a non-reentrant model


 *************** function _lcd_init *****************
 Defined at:
		line 28 in file "./LCD.h"
 Parameters:    Size  Location     Type
		None
 Auto vars:     Size  Location     Type
		None
 Return value:  Size  Location     Type
                  1    wreg      void 
 Registers used:
		wreg, status,2, status,0, cstack
 Tracked objects:
		On entry : 
		On exit  : 
		Unchanged: 
 Data sizes:     COMRAM   BANK0   BANK1   BANK2   BANK3   BANK4   BANK5   BANK6   BANK7
      Params:         0       0       0       0       0       0       0       0       0
      Locals:         0       0       0       0       0       0       0       0       0
      Temps:          1       0       0       0       0       0       0       0       0
      Totals:         1       0       0       0       0       0       0       0       0
Total ram usage:        1 bytes
 Hardware stack levels used:    1
 Hardware stack levels required when called:    2
 This function calls:
		_lcd_control
 This function is called by:
		_Inkey
		_registro_teclado
 This function uses a non-reentrant model


 *************** function _lcd_control *****************
 Defined at:
		line 50 in file "./LCD.h"
 Parameters:    Size  Location     Type
  dato            1    wreg     unsigned char 
 Auto vars:     Size  Location     Type
  dato            1    1[COMRAM] unsigned char 
 Return value:  Size  Location     Type
                  1    wreg      void 
 Registers used:
		wreg, status,2, status,0, cstack
 Tracked objects:
		On entry : 
		On exit  : 
		Unchanged: 
 Data sizes:     COMRAM   BANK0   BANK1   BANK2   BANK3   BANK4   BANK5   BANK6   BANK7
      Params:         0       0       0       0       0       0       0       0       0
      Locals:         1       0       0       0       0       0       0       0       0
      Temps:          1       0       0       0       0       0       0       0       0
      Totals:         2       0       0       0       0       0       0       0       0
Total ram usage:        2 bytes
 Hardware stack levels used:    1
 Hardware stack levels required when called:    1
 This function calls:
		_lcd_time_control
 This function is called by:
		_lcd_init
		_lcd_clear_display
		_lcd_cursor_home
		_lcd_print_with_position
		_lcd_goto
		_lcd_put_caracter
		_lcd_Pos
 This function uses a non-reentrant model


 *************** function _lcd_time_control *****************
 Defined at:
		line 150 in file "./LCD.h"
 Parameters:    Size  Location     Type
		None
 Auto vars:     Size  Location     Type
		None
 Return value:  Size  Location     Type
                  1    wreg      void 
 Registers used:
		None
 Tracked objects:
		On entry : 
		On exit  : 
		Unchanged: 
 Data sizes:     COMRAM   BANK0   BANK1   BANK2   BANK3   BANK4   BANK5   BANK6   BANK7
      Params:         0       0       0       0       0       0       0       0       0
      Locals:         0       0       0       0       0       0       0       0       0
      Temps:          0       0       0       0       0       0       0       0       0
      Totals:         0       0       0       0       0       0       0       0       0
Total ram usage:        0 bytes
 Hardware stack levels used:    1
 This function calls:
		Nothing
 This function is called by:
		_lcd_control
		_lcd_dato
 This function uses a non-reentrant model



MODULE INFORMATION

Module		Function		Class		Link	Load	Size
./Teclas.h
		_tecla_1       		CODE           	0AF0	0000	19
		_tecla_A       		CODE           	0A4E	0000	19
		_tecla_aste    		CODE           	0A06	0000	19
		_tecla_4       		CODE           	0ABA	0000	19
		_tecla_D       		CODE           	0A18	0000	19
		_tecla_7       		CODE           	0A84	0000	19
		_tecla_gato    		CODE           	09F4	0000	19
		_tecla_0       		CODE           	0B02	0000	19
		_tecla_3       		CODE           	0ACC	0000	19
		_tecla_C       		CODE           	0A2A	0000	19
		_tecla_6       		CODE           	0A96	0000	19
		_tecla_9       		CODE           	0A60	0000	19
		_tecla_2       		CODE           	0ADE	0000	19
		_tecla_B       		CODE           	0A3C	0000	19
		_tecla_5       		CODE           	0AA8	0000	19
		_tecla_8       		CODE           	0A72	0000	19

./Teclas.h estimated size: 304

./Teclado.h
		_Inkey         		CODE           	085A	0000	221
		_inicio_teclado		CODE           	0B3C	0000	11

./Teclado.h estimated size: 232

./LCD.h
		_lcd_time_control		CODE           	0B14	0000	19
		_lcd_dato      		CODE           	09CA	0000	43
		_lcd_print     		CODE           	09A0	0000	43
		_lcd_control   		CODE           	0970	0000	49
		_lcd_clear_display		CODE           	0B46	0000	9
		_lcd_init      		CODE           	0936	0000	59

./LCD.h estimated size: 222

Main.c
		_main          		CODE           	0B32	0000	11

Main.c estimated size: 11

shared
		__initialization		CODE           	0B26	0000	3

shared estimated size: 3

