Microchip MPLAB XC8 Compiler V2.05 ()

Linker command line:

-W-3 --edf=/opt/microchip/xc8/v2.05/pic/dat/en_msgs.txt -cs \
  -h+dist/default/production/Teclado.X.production.sym \
  --cmf=dist/default/production/Teclado.X.production.cmf -z -Q18F45K50 \
  -o/tmp/xcXz3I0bD --defsym=__MPLAB_BUILD=1 \
  -Mdist/default/production/Teclado.X.production.map -E1 -ver=XC8 \
  --acfsm=1493 -ASTACK=060h-07FFh -pstack=STACK -ACODE=00h-07FFFh \
  -ACONST=00h-07FFFh -ASMALLCONST=0800h-08FFhx120 \
  -AMEDIUMCONST=0800h-07FFFh -ACOMRAM=01h-05Fh -AABS1=00h-07FFh \
  -ABIGRAM=01h-07FFh -ARAM=060h-0FFh,0100h-01FFhx7 -ABANK0=060h-0FFh \
  -ABANK1=0100h-01FFh -ABANK2=0200h-02FFh -ABANK3=0300h-03FFh \
  -ABANK4=0400h-04FFh -ABANK5=0500h-05FFh -ABANK6=0600h-06FFh \
  -ABANK7=0700h-07FFh -ASFR=0F53h-0F5Fh,0F60h-0FFFh \
  -preset_vec=00h,intcode,intcodelo,powerup,init -pramtop=0800h \
  -psmallconst=SMALLCONST -pmediumconst=MEDIUMCONST -pconst=CONST \
  -AFARRAM=00h-00h -ACONFIG=0300000h-030000Dh -pconfig=CONFIG \
  -AIDLOC=0200000h-0200007h -pidloc=IDLOC -AEEDATA=0F00000h-0F000FFh \
  -peeprom_data=EEDATA \
  -prdata=COMRAM,nvrram=COMRAM,nvbit=COMRAM,rbss=COMRAM,rbit=COMRAM \
  -pfarbss=FARRAM,fardata=FARRAM,nvFARRAM=FARRAM \
  -pintsave_regs=BIGRAM,bigbss=BIGRAM,bigdata=BIGRAM -pbss=RAM \
  -pidata=CODE,irdata=CODE,ibigdata=CODE,ifardata=CODE -prparam=COMRAM \
  /tmp/xcXAOxOBn.o dist/default/production/Teclado.X.production.o 

Object code version is 3.11

Machine type is 18F45K50

Call graph: (short form)




                Name                               Link     Load   Length Selector   Space Scale
/tmp/xcXAOxOBn.o
                init                                  0        0        4        0       0
                idloc                            200000   200000        8   200000       0
                config                           300000   300000        E   300000       0
dist/default/production/Teclado.X.production.o
                smallconst                          800      800       5A      400       0
                text9                               ABA      ABA       12      42D       0
                text8                               A24      A24       30      42D       0
                text7                               9EA      9EA       3A      42D       0
                text6                               AEC      AEC        8      42D       0
                text5                               A7E      A7E       2A      42D       0
                text4                               A54      A54       2A      42D       0
                text3                               AA8      AA8       12      42D       0
                text2                               85A      85A      190      42D       0
                text1                               AE2      AE2        A      42D       0
                text0                               AD8      AD8        A      42D       0
                cstackCOMRAM                          1        1        4        1       1
                bssCOMRAM                             5        5        1        1       1
                cinit                               ACC      ACC        C      42D       0

TOTAL           Name                               Link     Load   Length     Space
        CLASS   STACK          

        CLASS   CODE           
                init                                  0        0        4         0
                text9                               ABA      ABA       12         0
                text8                               A24      A24       30         0
                text7                               9EA      9EA       3A         0
                text6                               AEC      AEC        8         0
                text5                               A7E      A7E       2A         0
                text4                               A54      A54       2A         0
                text3                               AA8      AA8       12         0
                text2                               85A      85A      190         0
                text1                               AE2      AE2        A         0
                text0                               AD8      AD8        A         0
                cinit                               ACC      ACC        C         0

        CLASS   CONST          

        CLASS   SMALLCONST     
                smallconst                          800      800       5A         0

        CLASS   MEDIUMCONST    

        CLASS   COMRAM         
                cstackCOMRAM                          1        1        4         1
                bssCOMRAM                             5        5        1         1

        CLASS   ABS1           

        CLASS   BIGRAM         

        CLASS   RAM            

        CLASS   BANK0          

        CLASS   BANK1          

        CLASS   BANK2          

        CLASS   BANK3          

        CLASS   BANK4          

        CLASS   BANK5          

        CLASS   BANK6          

        CLASS   BANK7          

        CLASS   SFR            

        CLASS   FARRAM         

        CLASS   CONFIG         
                config                           300000   300000        E         0

        CLASS   IDLOC          
                idloc                            200000   200000        8         0

        CLASS   EEDATA         



SEGMENTS        Name                           Load    Length   Top    Selector   Space  Class

                reset_vec                      000000  000004  000004         0       0  CODE    
                cstackCOMRAM                   000001  000005  000006         1       1  COMRAM  
                smallconst                     000800  00005A  00085A       400       0  SMALLCON
                text2                          00085A  00029A  000AF4       42D       0  CODE    
                idloc                          200000  000008  200008    200000       0  IDLOC   
                config                         300000  00000E  30000E    300000       0  CONFIG  


UNUSED ADDRESS RANGES

        Name                Unused          Largest block    Delta
        BANK0            000060-0000FF               A0
        BANK1            000100-0001FF              100
        BANK2            000200-0002FF              100
        BANK3            000300-0003FF              100
        BANK4            000400-0004FF              100
        BANK5            000500-0005FF              100
        BANK6            000600-0006FF              100
        BANK7            000700-0007FF              100
        BIGRAM           000006-0007FF              7FA
        CODE             000004-0007FF              7FC
                         000AF4-007FFF             750C
        COMRAM           000006-00005F               5A
        CONST            000004-0007FF              7FC
                         000AF4-007FFF             750C
        EEDATA           F00000-F000FF              100
        MEDIUMCONST      000AF4-007FFF             750C
        RAM              000060-0007FF              100
        SFR              000F53-000FFF                D
        SMALLCONST       000AF4-007FFF              100
        STACK            000060-0007FF              7A0

                                  Symbol Table

_ANSELB                     (abs)        000F5C
_INTCON2bits                (abs)        000FF1
_Inkey                      text2        00085A
_LATA                       (abs)        000F89
_LATEbits                   (abs)        000F8D
_PORTB                      (abs)        000F81
_PORTBbits                  (abs)        000F81
_TRISA                      (abs)        000F92
_TRISB                      (abs)        000F93
_TRISEbits                  (abs)        000F96
__CFG_BOREN$SBORDIS         (abs)        000000
__CFG_BORV$190              (abs)        000000
__CFG_CCP2MX$RC1            (abs)        000000
__CFG_CFGPLLEN$OFF          (abs)        000000
__CFG_CP0$OFF               (abs)        000000
__CFG_CP1$OFF               (abs)        000000
__CFG_CP2$OFF               (abs)        000000
__CFG_CP3$OFF               (abs)        000000
__CFG_CPB$OFF               (abs)        000000
__CFG_CPD$OFF               (abs)        000000
__CFG_CPUDIV$NOCLKDIV       (abs)        000000
__CFG_EBTR0$OFF             (abs)        000000
__CFG_EBTR1$OFF             (abs)        000000
__CFG_EBTR2$OFF             (abs)        000000
__CFG_EBTR3$OFF             (abs)        000000
__CFG_EBTRB$OFF             (abs)        000000
__CFG_FCMEN$OFF             (abs)        000000
__CFG_FOSC$INTOSCIO         (abs)        000000
__CFG_ICPRT$OFF             (abs)        000000
__CFG_IESO$OFF              (abs)        000000
__CFG_LS48MHZ$SYS24X4       (abs)        000000
__CFG_LVP$OFF               (abs)        000000
__CFG_MCLRE$ON              (abs)        000000
__CFG_PBADEN$ON             (abs)        000000
__CFG_PCLKEN$OFF            (abs)        000000
__CFG_PLLSEL$PLL4X          (abs)        000000
__CFG_SDOMX$RB3             (abs)        000000
__CFG_STVREN$ON             (abs)        000000
__CFG_T3CMX$RC0             (abs)        000000
__CFG_WDTEN$OFF             (abs)        000000
__CFG_WDTPS$32768           (abs)        000000
__CFG_WRT0$OFF              (abs)        000000
__CFG_WRT1$OFF              (abs)        000000
__CFG_WRT2$OFF              (abs)        000000
__CFG_WRT3$OFF              (abs)        000000
__CFG_WRTB$OFF              (abs)        000000
__CFG_WRTC$OFF              (abs)        000000
__CFG_WRTD$OFF              (abs)        000000
__CFG_XINST$OFF             (abs)        000000
__CFG_nLPBOR$OFF            (abs)        000000
__CFG_nPWRTEN$ON            (abs)        000000
__HRAM                      (abs)        000000
__Habs1                     abs1         000000
__Hbank0                    bank0        000000
__Hbank1                    bank1        000000
__Hbank2                    bank2        000000
__Hbank3                    bank3        000000
__Hbank4                    bank4        000000
__Hbank5                    bank5        000000
__Hbank6                    bank6        000000
__Hbank7                    bank7        000000
__Hbigbss                   bigbss       000000
__Hbigdata                  bigdata      000000
__Hbigram                   bigram       000000
__Hbss                      bss          000000
__HbssCOMRAM                bssCOMRAM    000000
__Hcinit                    cinit        000000
__Hclrtext                  clrtext      000000
__Hcomram                   comram       000000
__Hconfig                   config       30000E
__Hconst                    const        000000
__HcstackCOMRAM             cstackCOMRAM 000000
__Hdata                     data         000000
__Heeprom_data              eeprom_data  000000
__Hfarbss                   farbss       000000
__Hfardata                  fardata      000000
__Hibigdata                 ibigdata     000000
__Hidata                    idata        000000
__Hidloc                    idloc        200008
__Hifardata                 ifardata     000000
__Hinit                     init         000004
__Hintcode                  intcode      000000
__Hintcode_body             intcode_body 000000
__Hintcodelo                intcodelo    000000
__Hintentry                 intentry     000000
__Hintret                   intret       000000
__Hintsave_regs             intsave_regs 000000
__Hirdata                   irdata       000000
__Hmediumconst              mediumconst  000000
__HnvFARRAM                 nvFARRAM     000000
__Hnvbit                    nvbit        000000
__Hnvrram                   nvrram       000000
__Hparam                    rparam       000000
__Hpowerup                  powerup      000000
__Hram                      ram          000000
__Hramtop                   ramtop       000800
__Hrbit                     rbit         000000
__Hrbss                     rbss         000000
__Hrdata                    rdata        000000
__Hreset_vec                reset_vec    000000
__Hrparam                   rparam       000000
__Hsfr                      sfr          000000
__Hsmallconst               smallconst   00085A
__Hspace_0                  (abs)        30000E
__Hspace_1                  (abs)        000006
__Hspace_2                  (abs)        000000
__Hstack                    stack        000000
__Hstruct                   struct       000000
__Htemp                     temp         000000
__Htext                     text         000000
__Htext0                    text0        000000
__Htext1                    text1        000000
__Htext2                    text2        000000
__Htext3                    text3        000000
__Htext4                    text4        000000
__Htext5                    text5        000000
__Htext6                    text6        000000
__Htext7                    text7        000000
__Htext8                    text8        000000
__Htext9                    text9        000000
__LRAM                      (abs)        000001
__Labs1                     abs1         000000
__Lbank0                    bank0        000000
__Lbank1                    bank1        000000
__Lbank2                    bank2        000000
__Lbank3                    bank3        000000
__Lbank4                    bank4        000000
__Lbank5                    bank5        000000
__Lbank6                    bank6        000000
__Lbank7                    bank7        000000
__Lbigbss                   bigbss       000000
__Lbigdata                  bigdata      000000
__Lbigram                   bigram       000000
__Lbss                      bss          000000
__LbssCOMRAM                bssCOMRAM    000000
__Lcinit                    cinit        000000
__Lclrtext                  clrtext      000000
__Lcomram                   comram       000000
__Lconfig                   config       300000
__Lconst                    const        000000
__LcstackCOMRAM             cstackCOMRAM 000000
__Ldata                     data         000000
__Leeprom_data              eeprom_data  000000
__Lfarbss                   farbss       000000
__Lfardata                  fardata      000000
__Libigdata                 ibigdata     000000
__Lidata                    idata        000000
__Lidloc                    idloc        200000
__Lifardata                 ifardata     000000
__Linit                     init         000000
__Lintcode                  intcode      000000
__Lintcode_body             intcode_body 000000
__Lintcodelo                intcodelo    000000
__Lintentry                 intentry     000000
__Lintret                   intret       000000
__Lintsave_regs             intsave_regs 000000
__Lirdata                   irdata       000000
__Lmediumconst              mediumconst  000000
__LnvFARRAM                 nvFARRAM     000000
__Lnvbit                    nvbit        000000
__Lnvrram                   nvrram       000000
__Lparam                    rparam       000000
__Lpowerup                  powerup      000000
__Lram                      ram          000000
__Lramtop                   ramtop       000800
__Lrbit                     rbit         000000
__Lrbss                     rbss         000000
__Lrdata                    rdata        000000
__Lreset_vec                reset_vec    000000
__Lrparam                   rparam       000000
__Lsfr                      sfr          000000
__Lsmallconst               smallconst   000800
__Lspace_0                  (abs)        000000
__Lspace_1                  (abs)        000000
__Lspace_2                  (abs)        000000
__Lstack                    stack        000000
__Lstruct                   struct       000000
__Ltemp                     temp         000000
__Ltext                     text         000000
__Ltext0                    text0        000000
__Ltext1                    text1        000000
__Ltext2                    text2        000000
__Ltext3                    text3        000000
__Ltext4                    text4        000000
__Ltext5                    text5        000000
__Ltext6                    text6        000000
__Ltext7                    text7        000000
__Ltext8                    text8        000000
__Ltext9                    text9        000000
__S0                        (abs)        30000E
__S1                        (abs)        000006
__S2                        (abs)        000000
___inthi_sp                 stack        000000
___intlo_sp                 stack        000000
___param_bank               (abs)        000000
___rparam_used              (abs)        000001
___sp                       stack        000000
__accesstop                 (abs)        000060
__activetblptr              (abs)        000002
__end_of_Inkey              text2        0009EA
__end_of__initialization    cinit        000ACE
__end_of_inicio_teclado     text1        000AEC
__end_of_lcd_clear_display  text6        000AF4
__end_of_lcd_control        text8        000A54
__end_of_lcd_dato           text5        000AA8
__end_of_lcd_init           text7        000A24
__end_of_lcd_print          text4        000A7E
__end_of_lcd_time_control   text9        000ACC
__end_of_main               text0        000AE2
__end_of_tecla_1            text3        000ABA
__initialization            cinit        000ACC
__mediumconst               mediumconst  000000
__pbssCOMRAM                bssCOMRAM    000005
__pcinit                    cinit        000ACC
__pcstackCOMRAM             cstackCOMRAM 000001
__psmallconst               smallconst   000800
__ptext0                    text0        000AD8
__ptext1                    text1        000AE2
__ptext2                    text2        00085A
__ptext3                    text3        000AA8
__ptext4                    text4        000A54
__ptext5                    text5        000A7E
__ptext6                    text6        000AEC
__ptext7                    text7        0009EA
__ptext8                    text8        000A24
__ptext9                    text9        000ABA
__ramtop                    ramtop       000800
__size_of_Inkey             (abs)        000000
__size_of_inicio_teclado    (abs)        000000
__size_of_lcd_clear_display (abs)        000000
__size_of_lcd_control       (abs)        000000
__size_of_lcd_dato          (abs)        000000
__size_of_lcd_init          (abs)        000000
__size_of_lcd_print         (abs)        000000
__size_of_lcd_time_control  (abs)        000000
__size_of_main              (abs)        000000
__size_of_tecla_1           (abs)        000000
__smallconst                smallconst   000800
_inicio_teclado             text1        000AE2
_lcd_clear_display          text6        000AEC
_lcd_control                text8        000A24
_lcd_dato                   text5        000A7E
_lcd_init                   text7        0009EA
_lcd_print                  text4        000A54
_lcd_time_control           text9        000ABA
_main                       text0        000AD8
_tecla_1                    text3        000AA8
_val                        bssCOMRAM    000005
end_of_initialization       cinit        000ACE
intlevel0                   text         000000
intlevel1                   text         000000
intlevel2                   text         000000
intlevel3                   text         000000
lcd_control@dato            cstackCOMRAM 000002
lcd_dato@dato               cstackCOMRAM 000002
lcd_print@dato              cstackCOMRAM 000003
stackhi                     (abs)        0007FF
stacklo                     (abs)        000060
start                       init         000000
start_initialization        cinit        000ACC


FUNCTION INFORMATION:

 *************** function _main *****************
 Defined at:
		line 15 in file "Main.c"
 Parameters:    Size  Location     Type
		None
 Auto vars:     Size  Location     Type
		None
 Return value:  Size  Location     Type
                  1    wreg      void 
 Registers used:
		wreg, status,2, status,0, tblptrl, tblptrh, tblptru, cstack
 Tracked objects:
		On entry : 
		On exit  : 
		Unchanged: 
 Data sizes:     COMRAM   BANK0   BANK1   BANK2   BANK3   BANK4   BANK5   BANK6   BANK7
      Params:         0       0       0       0       0       0       0       0       0
      Locals:         0       0       0       0       0       0       0       0       0
      Temps:          0       0       0       0       0       0       0       0       0
      Totals:         0       0       0       0       0       0       0       0       0
Total ram usage:        0 bytes
 Hardware stack levels required when called:    5
 This function calls:
		_Inkey
		_inicio_teclado
 This function is called by:
		Startup code after reset
 This function uses a non-reentrant model


 *************** function _inicio_teclado *****************
 Defined at:
		line 173 in file "./teclado.h"
 Parameters:    Size  Location     Type
		None
 Auto vars:     Size  Location     Type
		None
 Return value:  Size  Location     Type
                  1    wreg      void 
 Registers used:
		wreg, status,2
 Tracked objects:
		On entry : 
		On exit  : 
		Unchanged: 
 Data sizes:     COMRAM   BANK0   BANK1   BANK2   BANK3   BANK4   BANK5   BANK6   BANK7
      Params:         0       0       0       0       0       0       0       0       0
      Locals:         0       0       0       0       0       0       0       0       0
      Temps:          0       0       0       0       0       0       0       0       0
      Totals:         0       0       0       0       0       0       0       0       0
Total ram usage:        0 bytes
 Hardware stack levels used:    1
 This function calls:
		Nothing
 This function is called by:
		_main
 This function uses a non-reentrant model


 *************** function _Inkey *****************
 Defined at:
		line 22 in file "./teclado.h"
 Parameters:    Size  Location     Type
		None
 Auto vars:     Size  Location     Type
		None
 Return value:  Size  Location     Type
                  1    wreg      unsigned char 
 Registers used:
		wreg, status,2, status,0, tblptrl, tblptrh, tblptru, cstack
 Tracked objects:
		On entry : 
		On exit  : 
		Unchanged: 
 Data sizes:     COMRAM   BANK0   BANK1   BANK2   BANK3   BANK4   BANK5   BANK6   BANK7
      Params:         0       0       0       0       0       0       0       0       0
      Locals:         0       0       0       0       0       0       0       0       0
      Temps:          0       0       0       0       0       0       0       0       0
      Totals:         0       0       0       0       0       0       0       0       0
Total ram usage:        0 bytes
 Hardware stack levels used:    1
 Hardware stack levels required when called:    4
 This function calls:
		_lcd_clear_display
		_lcd_init
		_lcd_print
		_tecla_1
 This function is called by:
		_main
 This function uses a non-reentrant model


 *************** function _tecla_1 *****************
 Defined at:
		line 214 in file "./teclado.h"
 Parameters:    Size  Location     Type
		None
 Auto vars:     Size  Location     Type
		None
 Return value:  Size  Location     Type
                  1    wreg      void 
 Registers used:
		wreg, status,2, status,0, tblptrl, tblptrh, tblptru, cstack
 Tracked objects:
		On entry : 
		On exit  : 
		Unchanged: 
 Data sizes:     COMRAM   BANK0   BANK1   BANK2   BANK3   BANK4   BANK5   BANK6   BANK7
      Params:         0       0       0       0       0       0       0       0       0
      Locals:         0       0       0       0       0       0       0       0       0
      Temps:          0       0       0       0       0       0       0       0       0
      Totals:         0       0       0       0       0       0       0       0       0
Total ram usage:        0 bytes
 Hardware stack levels used:    1
 Hardware stack levels required when called:    3
 This function calls:
		_lcd_clear_display
		_lcd_print
 This function is called by:
		_Inkey
 This function uses a non-reentrant model


 *************** function _lcd_print *****************
 Defined at:
		line 90 in file "./LCD.h"
 Parameters:    Size  Location     Type
  dato            2    2[COMRAM] PTR unsigned char 
		 -> STR_20(2), STR_19(15), STR_18(15), STR_17(13), 
		 -> STR_16(13), STR_15(2), STR_14(2), STR_13(2), 
		 -> STR_12(2), STR_11(2), STR_10(2), STR_9(2), 
		 -> STR_8(2), STR_7(2), STR_6(2), STR_5(2), 
		 -> STR_4(2), STR_3(2), STR_2(2), STR_1(2), 
 Auto vars:     Size  Location     Type
		None
 Return value:  Size  Location     Type
                  1    wreg      void 
 Registers used:
		wreg, status,2, status,0, tblptrl, tblptrh, tblptru, cstack
 Tracked objects:
		On entry : 
		On exit  : 
		Unchanged: 
 Data sizes:     COMRAM   BANK0   BANK1   BANK2   BANK3   BANK4   BANK5   BANK6   BANK7
      Params:         2       0       0       0       0       0       0       0       0
      Locals:         0       0       0       0       0       0       0       0       0
      Temps:          0       0       0       0       0       0       0       0       0
      Totals:         2       0       0       0       0       0       0       0       0
Total ram usage:        2 bytes
 Hardware stack levels used:    1
 Hardware stack levels required when called:    2
 This function calls:
		_lcd_dato
 This function is called by:
		_Inkey
		_tecla_1
		_lcd_print_with_position
		_registro_teclado
 This function uses a non-reentrant model


 *************** function _lcd_dato *****************
 Defined at:
		line 64 in file "./LCD.h"
 Parameters:    Size  Location     Type
  dato            1    wreg     unsigned char 
 Auto vars:     Size  Location     Type
  dato            1    1[COMRAM] unsigned char 
 Return value:  Size  Location     Type
                  1    wreg      void 
 Registers used:
		wreg, status,2, status,0, cstack
 Tracked objects:
		On entry : 
		On exit  : 
		Unchanged: 
 Data sizes:     COMRAM   BANK0   BANK1   BANK2   BANK3   BANK4   BANK5   BANK6   BANK7
      Params:         0       0       0       0       0       0       0       0       0
      Locals:         1       0       0       0       0       0       0       0       0
      Temps:          1       0       0       0       0       0       0       0       0
      Totals:         2       0       0       0       0       0       0       0       0
Total ram usage:        2 bytes
 Hardware stack levels used:    1
 Hardware stack levels required when called:    1
 This function calls:
		_lcd_time_control
 This function is called by:
		_lcd_print
		_lcd_put_caracter
		_lcd_Cadena
 This function uses a non-reentrant model


 *************** function _lcd_clear_display *****************
 Defined at:
		line 76 in file "./LCD.h"
 Parameters:    Size  Location     Type
		None
 Auto vars:     Size  Location     Type
		None
 Return value:  Size  Location     Type
                  1    wreg      void 
 Registers used:
		wreg, status,2, status,0, cstack
 Tracked objects:
		On entry : 
		On exit  : 
		Unchanged: 
 Data sizes:     COMRAM   BANK0   BANK1   BANK2   BANK3   BANK4   BANK5   BANK6   BANK7
      Params:         0       0       0       0       0       0       0       0       0
      Locals:         0       0       0       0       0       0       0       0       0
      Temps:          0       0       0       0       0       0       0       0       0
      Totals:         0       0       0       0       0       0       0       0       0
Total ram usage:        0 bytes
 Hardware stack levels used:    1
 Hardware stack levels required when called:    2
 This function calls:
		_lcd_control
 This function is called by:
		_Inkey
		_tecla_1
		_registro_teclado
 This function uses a non-reentrant model


 *************** function _lcd_init *****************
 Defined at:
		line 28 in file "./LCD.h"
 Parameters:    Size  Location     Type
		None
 Auto vars:     Size  Location     Type
		None
 Return value:  Size  Location     Type
                  1    wreg      void 
 Registers used:
		wreg, status,2, status,0, cstack
 Tracked objects:
		On entry : 
		On exit  : 
		Unchanged: 
 Data sizes:     COMRAM   BANK0   BANK1   BANK2   BANK3   BANK4   BANK5   BANK6   BANK7
      Params:         0       0       0       0       0       0       0       0       0
      Locals:         0       0       0       0       0       0       0       0       0
      Temps:          1       0       0       0       0       0       0       0       0
      Totals:         1       0       0       0       0       0       0       0       0
Total ram usage:        1 bytes
 Hardware stack levels used:    1
 Hardware stack levels required when called:    2
 This function calls:
		_lcd_control
 This function is called by:
		_Inkey
		_registro_teclado
 This function uses a non-reentrant model


 *************** function _lcd_control *****************
 Defined at:
		line 50 in file "./LCD.h"
 Parameters:    Size  Location     Type
  dato            1    wreg     unsigned char 
 Auto vars:     Size  Location     Type
  dato            1    1[COMRAM] unsigned char 
 Return value:  Size  Location     Type
                  1    wreg      void 
 Registers used:
		wreg, status,2, status,0, cstack
 Tracked objects:
		On entry : 
		On exit  : 
		Unchanged: 
 Data sizes:     COMRAM   BANK0   BANK1   BANK2   BANK3   BANK4   BANK5   BANK6   BANK7
      Params:         0       0       0       0       0       0       0       0       0
      Locals:         1       0       0       0       0       0       0       0       0
      Temps:          1       0       0       0       0       0       0       0       0
      Totals:         2       0       0       0       0       0       0       0       0
Total ram usage:        2 bytes
 Hardware stack levels used:    1
 Hardware stack levels required when called:    1
 This function calls:
		_lcd_time_control
 This function is called by:
		_lcd_init
		_lcd_clear_display
		_lcd_cursor_home
		_lcd_print_with_position
		_lcd_goto
		_lcd_put_caracter
		_lcd_Pos
 This function uses a non-reentrant model


 *************** function _lcd_time_control *****************
 Defined at:
		line 150 in file "./LCD.h"
 Parameters:    Size  Location     Type
		None
 Auto vars:     Size  Location     Type
		None
 Return value:  Size  Location     Type
                  1    wreg      void 
 Registers used:
		None
 Tracked objects:
		On entry : 
		On exit  : 
		Unchanged: 
 Data sizes:     COMRAM   BANK0   BANK1   BANK2   BANK3   BANK4   BANK5   BANK6   BANK7
      Params:         0       0       0       0       0       0       0       0       0
      Locals:         0       0       0       0       0       0       0       0       0
      Temps:          0       0       0       0       0       0       0       0       0
      Totals:         0       0       0       0       0       0       0       0       0
Total ram usage:        0 bytes
 Hardware stack levels used:    1
 This function calls:
		Nothing
 This function is called by:
		_lcd_control
		_lcd_dato
 This function uses a non-reentrant model



MODULE INFORMATION

Module		Function		Class		Link	Load	Size
./teclado.h
		_tecla_1       		CODE           	0AA8	0000	19
		_Inkey         		CODE           	085A	0000	401
		_inicio_teclado		CODE           	0AE2	0000	11

./teclado.h estimated size: 431

./LCD.h
		_lcd_time_control		CODE           	0ABA	0000	19
		_lcd_dato      		CODE           	0A7E	0000	43
		_lcd_print     		CODE           	0A54	0000	43
		_lcd_control   		CODE           	0A24	0000	49
		_lcd_clear_display		CODE           	0AEC	0000	9
		_lcd_init      		CODE           	09EA	0000	59

./LCD.h estimated size: 222

Main.c
		_main          		CODE           	0AD8	0000	11

Main.c estimated size: 11

shared
		__initialization		CODE           	0ACC	0000	3

shared estimated size: 3

